# serializer version: 1
# name: test_async_get_config_entry_diagnostics
  dict({
    'BOSCH-000000000-000000000000': dict({
      'BSH.Common.Status.DoorState': dict({
        'value': 'BSH.Common.EnumType.DoorState.Closed',
      }),
      'BSH.Common.Status.OperationState': dict({
        'value': 'BSH.Common.EnumType.OperationState.Ready',
      }),
      'BSH.Common.Status.RemoteControlActive': dict({
        'value': True,
      }),
      'BSH.Common.Status.RemoteControlStartAllowed': dict({
        'value': True,
      }),
      'Refrigeration.Common.Status.Door.Refrigerator': dict({
        'value': 'BSH.Common.EnumType.DoorState.Open',
      }),
    }),
    'BOSCH-HCS000000-D00000000001': dict({
      'BSH.Common.Status.DoorState': dict({
        'value': 'BSH.Common.EnumType.DoorState.Closed',
      }),
      'BSH.Common.Status.OperationState': dict({
        'value': 'BSH.Common.EnumType.OperationState.Ready',
      }),
      'BSH.Common.Status.RemoteControlActive': dict({
        'value': True,
      }),
      'BSH.Common.Status.RemoteControlStartAllowed': dict({
        'value': True,
      }),
      'Refrigeration.Common.Status.Door.Refrigerator': dict({
        'value': 'BSH.Common.EnumType.DoorState.Open',
      }),
    }),
    'BOSCH-HCS000000-D00000000002': dict({
      'BSH.Common.Status.DoorState': dict({
        'value': 'BSH.Common.EnumType.DoorState.Closed',
      }),
      'BSH.Common.Status.OperationState': dict({
        'value': 'BSH.Common.EnumType.OperationState.Ready',
      }),
      'BSH.Common.Status.RemoteControlActive': dict({
        'value': True,
      }),
      'BSH.Common.Status.RemoteControlStartAllowed': dict({
        'value': True,
      }),
      'Refrigeration.Common.Status.Door.Refrigerator': dict({
        'value': 'BSH.Common.EnumType.DoorState.Open',
      }),
    }),
    'BOSCH-HCS000000-D00000000003': dict({
      'BSH.Common.Status.DoorState': dict({
        'value': 'BSH.Common.EnumType.DoorState.Closed',
      }),
      'BSH.Common.Status.OperationState': dict({
        'value': 'BSH.Common.EnumType.OperationState.Ready',
      }),
      'BSH.Common.Status.RemoteControlActive': dict({
        'value': True,
      }),
      'BSH.Common.Status.RemoteControlStartAllowed': dict({
        'value': True,
      }),
      'Refrigeration.Common.Status.Door.Refrigerator': dict({
        'value': 'BSH.Common.EnumType.DoorState.Open',
      }),
    }),
    'BOSCH-HCS000000-D00000000004': dict({
      'BSH.Common.Setting.AmbientLightBrightness': dict({
        'type': 'Double',
        'unit': '%',
        'value': 70,
      }),
      'BSH.Common.Setting.AmbientLightColor': dict({
        'type': 'BSH.Common.EnumType.AmbientLightColor',
        'value': 'BSH.Common.EnumType.AmbientLightColor.Color43',
      }),
      'BSH.Common.Setting.AmbientLightCustomColor': dict({
        'type': 'String',
        'value': '#4a88f8',
      }),
      'BSH.Common.Setting.AmbientLightEnabled': dict({
        'type': 'Boolean',
        'value': True,
      }),
      'BSH.Common.Setting.ColorTemperature': dict({
        'type': 'BSH.Common.EnumType.ColorTemperature',
        'value': 'Cooking.Hood.EnumType.ColorTemperature.warmToNeutral',
      }),
      'BSH.Common.Status.DoorState': dict({
        'value': 'BSH.Common.EnumType.DoorState.Closed',
      }),
      'BSH.Common.Status.OperationState': dict({
        'value': 'BSH.Common.EnumType.OperationState.Ready',
      }),
      'BSH.Common.Status.RemoteControlActive': dict({
        'value': True,
      }),
      'BSH.Common.Status.RemoteControlStartAllowed': dict({
        'value': True,
      }),
      'Cooking.Common.Setting.Lighting': dict({
        'type': 'Boolean',
        'value': True,
      }),
      'Cooking.Common.Setting.LightingBrightness': dict({
        'type': 'Double',
        'unit': '%',
        'value': 70,
      }),
      'Cooking.Hood.Setting.ColorTemperaturePercent': dict({
        'type': 'Double',
        'unit': '%',
        'value': 70,
      }),
      'Refrigeration.Common.Status.Door.Refrigerator': dict({
        'value': 'BSH.Common.EnumType.DoorState.Open',
      }),
    }),
    'BOSCH-HCS000000-D00000000005': dict({
      'BSH.Common.Status.DoorState': dict({
        'value': 'BSH.Common.EnumType.DoorState.Closed',
      }),
      'BSH.Common.Status.OperationState': dict({
        'value': 'BSH.Common.EnumType.OperationState.Ready',
      }),
      'BSH.Common.Status.RemoteControlActive': dict({
        'value': True,
      }),
      'BSH.Common.Status.RemoteControlStartAllowed': dict({
        'value': True,
      }),
      'Refrigeration.Common.Status.Door.Refrigerator': dict({
        'value': 'BSH.Common.EnumType.DoorState.Open',
      }),
    }),
    'BOSCH-HCS000000-D00000000006': dict({
      'BSH.Common.Status.DoorState': dict({
        'value': 'BSH.Common.EnumType.DoorState.Closed',
      }),
      'BSH.Common.Status.OperationState': dict({
        'value': 'BSH.Common.EnumType.OperationState.Ready',
      }),
      'BSH.Common.Status.RemoteControlActive': dict({
        'value': True,
      }),
      'BSH.Common.Status.RemoteControlStartAllowed': dict({
        'value': True,
      }),
      'Refrigeration.Common.Status.Door.Refrigerator': dict({
        'value': 'BSH.Common.EnumType.DoorState.Open',
      }),
    }),
    'BOSCH-HCS01OVN1-43E0065FE245': dict({
      'BSH.Common.Root.ActiveProgram': dict({
        'value': 'Cooking.Oven.Program.HeatingMode.HotAir',
      }),
      'BSH.Common.Setting.PowerState': dict({
        'type': 'BSH.Common.EnumType.PowerState',
        'value': 'BSH.Common.EnumType.PowerState.On',
      }),
      'BSH.Common.Status.DoorState': dict({
        'value': 'BSH.Common.EnumType.DoorState.Closed',
      }),
      'BSH.Common.Status.OperationState': dict({
        'value': 'BSH.Common.EnumType.OperationState.Ready',
      }),
      'BSH.Common.Status.RemoteControlActive': dict({
        'value': True,
      }),
      'BSH.Common.Status.RemoteControlStartAllowed': dict({
        'value': True,
      }),
      'Refrigeration.Common.Status.Door.Refrigerator': dict({
        'value': 'BSH.Common.EnumType.DoorState.Open',
      }),
    }),
    'BOSCH-HCS04DYR1-831694AE3C5A': dict({
      'BSH.Common.Status.DoorState': dict({
        'value': 'BSH.Common.EnumType.DoorState.Closed',
      }),
      'BSH.Common.Status.OperationState': dict({
        'value': 'BSH.Common.EnumType.OperationState.Ready',
      }),
      'BSH.Common.Status.RemoteControlActive': dict({
        'value': True,
      }),
      'BSH.Common.Status.RemoteControlStartAllowed': dict({
        'value': True,
      }),
      'Refrigeration.Common.Status.Door.Refrigerator': dict({
        'value': 'BSH.Common.EnumType.DoorState.Open',
      }),
    }),
    'BOSCH-HCS06COM1-D70390681C2C': dict({
      'BSH.Common.Status.DoorState': dict({
        'value': 'BSH.Common.EnumType.DoorState.Closed',
      }),
      'BSH.Common.Status.OperationState': dict({
        'value': 'BSH.Common.EnumType.OperationState.Ready',
      }),
      'BSH.Common.Status.RemoteControlActive': dict({
        'value': True,
      }),
      'BSH.Common.Status.RemoteControlStartAllowed': dict({
        'value': True,
      }),
      'Refrigeration.Common.Status.Door.Refrigerator': dict({
        'value': 'BSH.Common.EnumType.DoorState.Open',
      }),
    }),
    'SIEMENS-HCS02DWH1-6BE58C26DCC1': dict({
      'BSH.Common.Setting.AmbientLightBrightness': dict({
        'type': 'Double',
        'unit': '%',
        'value': 70,
      }),
      'BSH.Common.Setting.AmbientLightColor': dict({
        'type': 'BSH.Common.EnumType.AmbientLightColor',
        'value': 'BSH.Common.EnumType.AmbientLightColor.Color43',
      }),
      'BSH.Common.Setting.AmbientLightCustomColor': dict({
        'type': 'String',
        'value': '#4a88f8',
      }),
      'BSH.Common.Setting.AmbientLightEnabled': dict({
        'type': 'Boolean',
        'value': True,
      }),
      'BSH.Common.Setting.ChildLock': dict({
        'type': 'Boolean',
        'value': False,
      }),
      'BSH.Common.Setting.PowerState': dict({
        'type': 'BSH.Common.EnumType.PowerState',
        'value': 'BSH.Common.EnumType.PowerState.On',
      }),
      'BSH.Common.Status.DoorState': dict({
        'value': 'BSH.Common.EnumType.DoorState.Closed',
      }),
      'BSH.Common.Status.OperationState': dict({
        'value': 'BSH.Common.EnumType.OperationState.Ready',
      }),
      'BSH.Common.Status.RemoteControlActive': dict({
        'value': True,
      }),
      'BSH.Common.Status.RemoteControlStartAllowed': dict({
        'value': True,
      }),
      'Refrigeration.Common.Status.Door.Refrigerator': dict({
        'value': 'BSH.Common.EnumType.DoorState.Open',
      }),
    }),
    'SIEMENS-HCS03WCH1-7BC6383CF794': dict({
      'BSH.Common.Root.ActiveProgram': dict({
        'value': 'BSH.Common.Root.ActiveProgram',
      }),
      'BSH.Common.Setting.ChildLock': dict({
        'type': 'Boolean',
        'value': False,
      }),
      'BSH.Common.Setting.PowerState': dict({
        'type': 'BSH.Common.EnumType.PowerState',
        'value': 'BSH.Common.EnumType.PowerState.On',
      }),
      'BSH.Common.Status.DoorState': dict({
        'value': 'BSH.Common.EnumType.DoorState.Closed',
      }),
      'BSH.Common.Status.OperationState': dict({
        'value': 'BSH.Common.EnumType.OperationState.Ready',
      }),
      'BSH.Common.Status.RemoteControlActive': dict({
        'value': True,
      }),
      'BSH.Common.Status.RemoteControlStartAllowed': dict({
        'value': True,
      }),
      'Refrigeration.Common.Status.Door.Refrigerator': dict({
        'value': 'BSH.Common.EnumType.DoorState.Open',
      }),
    }),
    'SIEMENS-HCS05FRF1-304F4F9E541D': dict({
      'BSH.Common.Status.DoorState': dict({
        'value': 'BSH.Common.EnumType.DoorState.Closed',
      }),
      'BSH.Common.Status.OperationState': dict({
        'value': 'BSH.Common.EnumType.OperationState.Ready',
      }),
      'BSH.Common.Status.RemoteControlActive': dict({
        'value': True,
      }),
      'BSH.Common.Status.RemoteControlStartAllowed': dict({
        'value': True,
      }),
      'Refrigeration.Common.Setting.Dispenser.Enabled': dict({
        'constraints': dict({
          'access': 'readWrite',
        }),
        'type': 'Boolean',
        'value': False,
      }),
      'Refrigeration.Common.Setting.Light.External.Brightness': dict({
        'constraints': dict({
          'access': 'readWrite',
          'max': 100,
          'min': 0,
        }),
        'type': 'Double',
        'unit': '%',
        'value': 70,
      }),
      'Refrigeration.Common.Setting.Light.External.Power': dict({
        'type': 'Boolean',
        'value': True,
      }),
      'Refrigeration.Common.Status.Door.Refrigerator': dict({
        'value': 'BSH.Common.EnumType.DoorState.Open',
      }),
      'Refrigeration.FridgeFreezer.Setting.SuperModeFreezer': dict({
        'constraints': dict({
          'access': 'readWrite',
        }),
        'type': 'Boolean',
        'value': False,
      }),
      'Refrigeration.FridgeFreezer.Setting.SuperModeRefrigerator': dict({
        'constraints': dict({
          'access': 'readWrite',
        }),
        'type': 'Boolean',
        'value': False,
      }),
    }),
  })
# ---
